Copyright 1986-2022 Xilinx, Inc. All Rights Reserved. Copyright 2022-2023 Advanced Micro Devices, Inc. All Rights Reserved.
---------------------------------------------------------------------------------------------------------------------------------------------
| Tool Version : Vivado v.2023.1 (win64) Build 3865809 Sun May  7 15:05:29 MDT 2023
| Date         : Fri Aug 22 11:23:00 2025
| Host         : DESKTOP-S7TDGUG running 64-bit major release  (build 9200)
| Command      : report_control_sets -verbose -file pipeline_control_sets_placed.rpt
| Design       : pipeline
| Device       : xa7z010
---------------------------------------------------------------------------------------------------------------------------------------------

Control Set Information

Table of Contents
-----------------
1. Summary
2. Histogram
3. Flip-Flop Distribution
4. Detailed Control Set Information

1. Summary
----------

+----------------------------------------------------------+-------+
|                          Status                          | Count |
+----------------------------------------------------------+-------+
| Total control sets                                       |   138 |
|    Minimum number of control sets                        |   138 |
|    Addition due to synthesis replication                 |     0 |
|    Addition due to physical synthesis replication        |     0 |
| Unused register locations in slices containing registers |   143 |
+----------------------------------------------------------+-------+
* Control sets can be merged at opt_design using control_set_merge or merge_equivalent_drivers
** Run report_qor_suggestions for automated merging and remapping suggestions


2. Histogram
------------

+--------------------+-------+
|       Fanout       | Count |
+--------------------+-------+
| Total control sets |   138 |
| >= 0 to < 4        |     2 |
| >= 4 to < 6        |     2 |
| >= 6 to < 8        |     3 |
| >= 8 to < 10       |     2 |
| >= 10 to < 12      |    11 |
| >= 12 to < 14      |     0 |
| >= 14 to < 16      |     0 |
| >= 16              |   118 |
+--------------------+-------+
* Control sets can be remapped at either synth_design or opt_design


3. Flip-Flop Distribution
-------------------------

+--------------+-----------------------+------------------------+-----------------+--------------+
| Clock Enable | Synchronous Set/Reset | Asynchronous Set/Reset | Total Registers | Total Slices |
+--------------+-----------------------+------------------------+-----------------+--------------+
| No           | No                    | No                     |             433 |          157 |
| No           | No                    | Yes                    |               0 |            0 |
| No           | Yes                   | No                     |             261 |           83 |
| Yes          | No                    | No                     |            8630 |         2268 |
| Yes          | No                    | Yes                    |               0 |            0 |
| Yes          | Yes                   | No                     |            2733 |          828 |
+--------------+-----------------------+------------------------+-----------------+--------------+


4. Detailed Control Set Information
-----------------------------------

+-----------------------+------------------------------------------------------------------------------------------------------------------------------------------------+----------------------------------------------+------------------+----------------+--------------+
|      Clock Signal     |                                                                  Enable Signal                                                                 |               Set/Reset Signal               | Slice Load Count | Bel Load Count | Bels / Slice |
+-----------------------+------------------------------------------------------------------------------------------------------------------------------------------------+----------------------------------------------+------------------+----------------+--------------+
|  clk_output_IBUF_BUFG | fft/fft_block/U0/i_synth/axi_wrapper/config_channel_fifo/gen_non_real_time.data_in_fifo_pt1/wr_enable                                          |                                              |                1 |              1 |         1.00 |
|  clk_output_IBUF_BUFG | fft/fft_block/U0/i_synth/axi_wrapper/has_scale_pipelining.has_tw_scale_reg.tw_scale_reg_ce_2                                                   |                                              |                2 |              3 |         1.50 |
|  clk_output_IBUF_BUFG | fft/fft_block/U0/i_synth/axi_wrapper/has_scale_pipelining.has_tw_scale_reg.tw_scale_reg_ce_1                                                   |                                              |                2 |              4 |         2.00 |
|  clk_output_IBUF_BUFG | fft/fft_block/U0/i_synth/axi_wrapper/has_scale_pipelining.has_tw_scale_reg.tw_scale_reg_ce_0                                                   |                                              |                3 |              5 |         1.67 |
|  clk_output_IBUF_BUFG | fft/fft_block/U0/i_synth/axi_wrapper/gen_ce_non_real_time.ce_predicted_reg_rep__0_1[0]                                                         |                                              |                1 |              6 |         6.00 |
|  clk_output_IBUF_BUFG | fft/fft_block/U0/i_synth/axi_wrapper/E[0]                                                                                                      |                                              |                1 |              6 |         6.00 |
|  clk_output_IBUF_BUFG | fft/fft_block/U0/i_synth/axi_wrapper/has_scale_pipelining.has_tw_scale_reg.tw_scale_reg_ce                                                     |                                              |                2 |              6 |         3.00 |
|  clk_output_IBUF_BUFG | fft/accepts_samples_reg[0]                                                                                                                     |                                              |                3 |              9 |         3.00 |
|  clk_output_IBUF_BUFG | fft/fft_block/U0/i_synth/axi_wrapper/symbols_out_remaining[8]_i_1_n_0                                                                          |                                              |                5 |              9 |         1.80 |
|  clk_output_IBUF_BUFG | fft/fft_block/U0/i_synth/axi_wrapper/gen_ce_non_real_time.ce_predicted_reg_rep__0_2                                                            |                                              |                4 |             11 |         2.75 |
|  clk_output_IBUF_BUFG | fft/fft_block/U0/i_synth/axi_wrapper/gen_ce_non_real_time.ce_predicted_reg_rep_2                                                               |                                              |                4 |             11 |         2.75 |
|  clk_output_IBUF_BUFG | fft/fft_block/U0/i_synth/axi_wrapper/gen_ce_non_real_time.ce_predicted_reg_rep__0_3                                                            |                                              |                4 |             11 |         2.75 |
|  clk_output_IBUF_BUFG | fft/fft_block/U0/i_synth/axi_wrapper/gen_ce_non_real_time.ce_predicted_reg_rep__0_6                                                            |                                              |                4 |             11 |         2.75 |
|  clk_output_IBUF_BUFG | fft/fft_block/U0/i_synth/axi_wrapper/gen_ce_non_real_time.ce_predicted_reg_rep__0_7                                                            |                                              |                4 |             11 |         2.75 |
|  clk_output_IBUF_BUFG | fft/fft_block/U0/i_synth/xfft_inst/non_floating_point.arch_d.xfft_inst/FLOW/proc0_counter/load_cnt_ce                                          |                                              |                4 |             11 |         2.75 |
|  clk_output_IBUF_BUFG | fft/fft_block/U0/i_synth/axi_wrapper/CE                                                                                                        |                                              |                4 |             11 |         2.75 |
|  clk_output_IBUF_BUFG | fft/fft_block/U0/i_synth/axi_wrapper/gen_ce_non_real_time.ce_predicted_reg_rep__0_4                                                            |                                              |                4 |             11 |         2.75 |
|  clk_output_IBUF_BUFG | fft/fft_block/U0/i_synth/axi_wrapper/gen_ce_non_real_time.ce_predicted_reg_rep__0_8                                                            |                                              |                4 |             11 |         2.75 |
|  clk_output_IBUF_BUFG | fft/fft_block/U0/i_synth/axi_wrapper/gen_ce_non_real_time.ce_predicted_reg_rep_1                                                               |                                              |                5 |             11 |         2.20 |
|  clk_output_IBUF_BUFG | fft/fft_block/U0/i_synth/axi_wrapper/gen_ce_non_real_time.ce_predicted_reg_rep__0_5                                                            |                                              |                4 |             11 |         2.75 |
|  clk_output_IBUF_BUFG | fft/fft_in_data                                                                                                                                |                                              |                7 |             24 |         3.43 |
|  clk_output_IBUF_BUFG |                                                                                                                                                | lifter/out_value_temp                        |                7 |             26 |         3.71 |
|  clk_output_IBUF_BUFG | log_compute/out_valid_temp1                                                                                                                    | dct/read_pos                                 |                8 |             31 |         3.88 |
|  clk_output_IBUF_BUFG | filterbank/curr_filter_base[1]_i_1_n_0                                                                                                         | filterbank/read_pos                          |                8 |             31 |         3.88 |
|  clk_output_IBUF_BUFG | frame_module/output_jump_position[31]_i_1_n_0                                                                                                  |                                              |                9 |             32 |         3.56 |
|  clk_output_IBUF_BUFG | frame_module/input_position                                                                                                                    | frame_module/input_position[0]_i_1_n_0       |                8 |             32 |         4.00 |
|  clk_output_IBUF_BUFG | log_compute/input_valid_dct                                                                                                                    | log_compute/write_pos_0                      |                8 |             32 |         4.00 |
|  clk_output_IBUF_BUFG | dct/read_pos                                                                                                                                   | dct/output_buffer[1][63]_i_1_n_0             |                8 |             32 |         4.00 |
|  clk_output_IBUF_BUFG | lifter/curr_window_pos                                                                                                                         | lifter/curr_window_pos[0]_i_1_n_0            |                8 |             32 |         4.00 |
|  clk_output_IBUF_BUFG | fft/config_clk_count[0]_i_1_n_0                                                                                                                |                                              |                8 |             32 |         4.00 |
|  clk_output_IBUF_BUFG |                                                                                                                                                | lifter/coeff_cnt                             |               14 |             32 |         2.29 |
|  clk_output_IBUF_BUFG | fft/fft_in_data                                                                                                                                | fft/curr_fft_cnt[0]_i_1_n_0                  |                8 |             32 |         4.00 |
|  clk_output_IBUF_BUFG | fft/E[0]                                                                                                                                       |                                              |               11 |             32 |         2.91 |
|  clk_output_IBUF_BUFG | fft/E[0]                                                                                                                                       | frame_module/curr_out_cnt                    |                8 |             32 |         4.00 |
|  clk_output_IBUF_BUFG |                                                                                                                                                | log_compute/coeff_count[31]_i_1_n_0          |               18 |             32 |         1.78 |
|  clk_output_IBUF_BUFG | filterbank/read_pos                                                                                                                            | filterbank/coeffs[1][63]_i_1_n_0             |                8 |             32 |         4.00 |
|  clk_output_IBUF_BUFG | pow_spectrum/valid_sum                                                                                                                         | pow_spectrum/point_count                     |                8 |             32 |         4.00 |
|  clk_output_IBUF_BUFG | pow_spectrum/output_valid_reg_0                                                                                                                | log_compute/write_pos                        |                8 |             32 |         4.00 |
|  clk_output_IBUF_BUFG | frame_module/advance_cnt                                                                                                                       | frame_module/advance_cnt[0]_i_1_n_0          |                8 |             32 |         4.00 |
|  clk_output_IBUF_BUFG | fft/fft_block/U0/i_synth/axi_wrapper/data_in_channel_fifo/gen_non_real_time.data_in_fifo_pt1/gen_non_real_time.gen_has_skid_buffer.data_out_20 |                                              |                7 |             33 |         4.71 |
|  clk_output_IBUF_BUFG | fft/fft_block/U0/i_synth/axi_wrapper/data_in_channel_fifo/gen_non_real_time.data_in_fifo_pt1/gen_non_real_time.gen_has_skid_buffer.data_out_10 |                                              |               10 |             33 |         3.30 |
|  clk_output_IBUF_BUFG | fft/fft_block/U0/i_synth/axi_wrapper/data_in_channel_fifo/gen_non_real_time.data_in_fifo_pt1/wr_enable                                         |                                              |                5 |             33 |         6.60 |
|  clk_output_IBUF_BUFG | dct/read_pos                                                                                                                                   | dct/read_pos_rep[3]_i_1_n_0                  |               10 |             36 |         3.60 |
|  clk_output_IBUF_BUFG | window/curr_wave_position_0                                                                                                                    | window/curr_wave_position_rep_rep[7]_i_1_n_0 |               10 |             40 |         4.00 |
|  clk_output_IBUF_BUFG | filterbank/read_pos                                                                                                                            | filterbank/read_pos_rep[8]_i_1_n_0           |               15 |             53 |         3.53 |
|  clk_output_IBUF_BUFG | filterbank/coefficients[119]_i_2_n_0                                                                                                           | filterbank/coefficients[55]_i_1_n_0          |               15 |             55 |         3.67 |
|  clk_output_IBUF_BUFG | filterbank/coefficients[119]_i_2_n_0                                                                                                           | filterbank/coefficients[119]_i_1_n_0         |               14 |             55 |         3.93 |
|  clk_output_IBUF_BUFG | lifter/input_buffer[20]_7                                                                                                                      |                                              |               17 |             56 |         3.29 |
|  clk_output_IBUF_BUFG | lifter/input_buffer[21]_6                                                                                                                      |                                              |               19 |             56 |         2.95 |
|  clk_output_IBUF_BUFG | lifter/input_buffer[22]_2                                                                                                                      |                                              |               17 |             56 |         3.29 |
|  clk_output_IBUF_BUFG | lifter/input_buffer[23]_12                                                                                                                     |                                              |               19 |             56 |         2.95 |
|  clk_output_IBUF_BUFG | lifter/input_buffer[24]_5                                                                                                                      |                                              |               17 |             56 |         3.29 |
|  clk_output_IBUF_BUFG | lifter/input_buffer[25]_10                                                                                                                     |                                              |               19 |             56 |         2.95 |
|  clk_output_IBUF_BUFG | lifter/input_buffer[26]_9                                                                                                                      |                                              |               20 |             56 |         2.80 |
|  clk_output_IBUF_BUFG | lifter/input_buffer[27]_8                                                                                                                      |                                              |               16 |             56 |         3.50 |
|  clk_output_IBUF_BUFG | lifter/input_buffer[29]_3                                                                                                                      |                                              |               17 |             56 |         3.29 |
|  clk_output_IBUF_BUFG | lifter/input_buffer[28]_4                                                                                                                      |                                              |               17 |             56 |         3.29 |
|  clk_output_IBUF_BUFG | lifter/input_buffer[14]_16                                                                                                                     |                                              |               16 |             56 |         3.50 |
|  clk_output_IBUF_BUFG | lifter/input_buffer[30]_1                                                                                                                      |                                              |               16 |             56 |         3.50 |
|  clk_output_IBUF_BUFG | lifter/input_buffer[31]_0                                                                                                                      |                                              |               11 |             56 |         5.09 |
|  clk_output_IBUF_BUFG | lifter/input_buffer[4]_25                                                                                                                      |                                              |               17 |             56 |         3.29 |
|  clk_output_IBUF_BUFG | lifter/input_buffer[3]_26                                                                                                                      |                                              |               16 |             56 |         3.50 |
|  clk_output_IBUF_BUFG | lifter/input_buffer[5]_24                                                                                                                      |                                              |               19 |             56 |         2.95 |
|  clk_output_IBUF_BUFG | lifter/input_buffer[6]_28                                                                                                                      |                                              |               16 |             56 |         3.50 |
|  clk_output_IBUF_BUFG | lifter/input_buffer[7]_23                                                                                                                      |                                              |               17 |             56 |         3.29 |
|  clk_output_IBUF_BUFG | lifter/input_buffer[8]_22                                                                                                                      |                                              |               17 |             56 |         3.29 |
|  clk_output_IBUF_BUFG | lifter/input_buffer[9]_21                                                                                                                      |                                              |               16 |             56 |         3.50 |
|  clk_output_IBUF_BUFG | lifter/input_buffer[2]_29                                                                                                                      |                                              |               17 |             56 |         3.29 |
|  clk_output_IBUF_BUFG | log_compute/coeff_buffer[10][55]_i_1_n_0                                                                                                       |                                              |               21 |             56 |         2.67 |
|  clk_output_IBUF_BUFG | log_compute/coeff_buffer[8][55]_i_1_n_0                                                                                                        |                                              |               18 |             56 |         3.11 |
|  clk_output_IBUF_BUFG | log_compute/coeff_buffer[13][55]_i_1_n_0                                                                                                       |                                              |               17 |             56 |         3.29 |
|  clk_output_IBUF_BUFG | log_compute/coeff_buffer[16][55]_i_1_n_0                                                                                                       |                                              |               21 |             56 |         2.67 |
|  clk_output_IBUF_BUFG | log_compute/coeff_buffer[17][55]_i_1_n_0                                                                                                       |                                              |               20 |             56 |         2.80 |
|  clk_output_IBUF_BUFG | log_compute/coeff_buffer[0][55]_i_1_n_0                                                                                                        |                                              |               22 |             56 |         2.55 |
|  clk_output_IBUF_BUFG | log_compute/coeff_buffer[12][55]_i_1_n_0                                                                                                       |                                              |               19 |             56 |         2.95 |
|  clk_output_IBUF_BUFG | log_compute/coeff_buffer[18][55]_i_1_n_0                                                                                                       |                                              |               17 |             56 |         3.29 |
|  clk_output_IBUF_BUFG | log_compute/coeff_buffer[15][55]_i_1_n_0                                                                                                       |                                              |               22 |             56 |         2.55 |
|  clk_output_IBUF_BUFG | log_compute/coeff_buffer[14][55]_i_1_n_0                                                                                                       |                                              |               22 |             56 |         2.55 |
|  clk_output_IBUF_BUFG | log_compute/coeff_buffer[11][55]_i_1_n_0                                                                                                       |                                              |               18 |             56 |         3.11 |
|  clk_output_IBUF_BUFG | log_compute/coeff_buffer[4][55]_i_1_n_0                                                                                                        |                                              |               19 |             56 |         2.95 |
|  clk_output_IBUF_BUFG | log_compute/coeff_buffer[9][55]_i_1_n_0                                                                                                        |                                              |               20 |             56 |         2.80 |
|  clk_output_IBUF_BUFG | log_compute/coeff_buffer[5][55]_i_1_n_0                                                                                                        |                                              |               17 |             56 |         3.29 |
|  clk_output_IBUF_BUFG | log_compute/coeff_buffer[2][55]_i_1_n_0                                                                                                        |                                              |               17 |             56 |         3.29 |
|  clk_output_IBUF_BUFG | log_compute/coeff_buffer[1][55]_i_1_n_0                                                                                                        |                                              |               18 |             56 |         3.11 |
|  clk_output_IBUF_BUFG | log_compute/coeff_buffer[6][55]_i_1_n_0                                                                                                        |                                              |               17 |             56 |         3.29 |
|  clk_output_IBUF_BUFG | log_compute/coeff_buffer[7][55]_i_1_n_0                                                                                                        |                                              |               18 |             56 |         3.11 |
|  clk_output_IBUF_BUFG | log_compute/coeff_buffer[3][55]_i_1_n_0                                                                                                        |                                              |               18 |             56 |         3.11 |
|  clk_output_IBUF_BUFG | log_compute/coeff_buffer[19]_0                                                                                                                 |                                              |               12 |             56 |         4.67 |
|  clk_output_IBUF_BUFG | pow_spectrum/valid_squared__0                                                                                                                  |                                              |               14 |             56 |         4.00 |
|  clk_output_IBUF_BUFG | pow_spectrum/valid_sum                                                                                                                         |                                              |               24 |             56 |         2.33 |
|  clk_output_IBUF_BUFG | lifter/input_buffer[10]_20                                                                                                                     |                                              |               17 |             56 |         3.29 |
|  clk_output_IBUF_BUFG | lifter/input_buffer[11]_19                                                                                                                     |                                              |               17 |             56 |         3.29 |
|  clk_output_IBUF_BUFG | lifter/input_buffer[12]_18                                                                                                                     |                                              |               16 |             56 |         3.50 |
|  clk_output_IBUF_BUFG | lifter/input_buffer[13]_17                                                                                                                     |                                              |               15 |             56 |         3.73 |
|  clk_output_IBUF_BUFG | lifter/input_buffer[15]_15                                                                                                                     |                                              |               16 |             56 |         3.50 |
|  clk_output_IBUF_BUFG | lifter/input_buffer[16][63]_i_1_n_0                                                                                                            |                                              |               16 |             56 |         3.50 |
|  clk_output_IBUF_BUFG | lifter/input_buffer[17]_14                                                                                                                     |                                              |               18 |             56 |         3.11 |
|  clk_output_IBUF_BUFG | lifter/input_buffer[18]_13                                                                                                                     |                                              |               18 |             56 |         3.11 |
|  clk_output_IBUF_BUFG | lifter/input_buffer[19]_11                                                                                                                     |                                              |               19 |             56 |         2.95 |
|  clk_output_IBUF_BUFG | lifter/input_buffer[1]_27                                                                                                                      |                                              |               26 |             56 |         2.15 |
|  clk_output_IBUF_BUFG |                                                                                                                                                | dct/request_stall_reg_0                      |               16 |             59 |         3.69 |
|  clk_output_IBUF_BUFG | filterbank/coeffs[11]_14                                                                                                                       | filterbank/coeffs[1][63]_i_1_n_0             |               15 |             64 |         4.27 |
|  clk_output_IBUF_BUFG | filterbank/coeffs[9]_15                                                                                                                        | filterbank/coeffs[1][63]_i_1_n_0             |               20 |             64 |         3.20 |
|  clk_output_IBUF_BUFG | filterbank/coeffs[13]_13                                                                                                                       | filterbank/coeffs[1][63]_i_1_n_0             |               16 |             64 |         4.00 |
|  clk_output_IBUF_BUFG | filterbank/coeffs[5]_10                                                                                                                        | filterbank/coeffs[1][63]_i_1_n_0             |               18 |             64 |         3.56 |
|  clk_output_IBUF_BUFG | filterbank/coeffs[8]_4                                                                                                                         | filterbank/coeffs[1][63]_i_1_n_0             |               18 |             64 |         3.56 |
|  clk_output_IBUF_BUFG | filterbank/coeffs[14]_7                                                                                                                        | filterbank/coeffs[1][63]_i_1_n_0             |               18 |             64 |         3.56 |
|  clk_output_IBUF_BUFG | filterbank/coeffs[10]_5                                                                                                                        | filterbank/coeffs[1][63]_i_1_n_0             |               21 |             64 |         3.05 |
|  clk_output_IBUF_BUFG | filterbank/coeffs[7]_9                                                                                                                         | filterbank/coeffs[1][63]_i_1_n_0             |               20 |             64 |         3.20 |
|  clk_output_IBUF_BUFG | filterbank/coeffs[0][63]_i_1_n_0                                                                                                               | filterbank/coeffs[1][63]_i_1_n_0             |               18 |             64 |         3.56 |
|  clk_output_IBUF_BUFG | filterbank/coeffs[6]_3                                                                                                                         | filterbank/coeffs[1][63]_i_1_n_0             |               20 |             64 |         3.20 |
|  clk_output_IBUF_BUFG | fft/fft_block/U0/i_synth/axi_wrapper/ce_w2c                                                                                                    | fft/fft_block/U0/i_synth/axi_wrapper/SR[0]   |               18 |             64 |         3.56 |
|  clk_output_IBUF_BUFG | filterbank/coeffs[4]_2                                                                                                                         | filterbank/coeffs[1][63]_i_1_n_0             |               16 |             64 |         4.00 |
|  clk_output_IBUF_BUFG | filterbank/coeffs[3]_11                                                                                                                        | filterbank/coeffs[1][63]_i_1_n_0             |               10 |             64 |         6.40 |
|  clk_output_IBUF_BUFG | fft/fft_block/U0/i_synth/axi_wrapper/data_out_channel/data_out_fifo_write                                                                      |                                              |                8 |             64 |         8.00 |
|  clk_output_IBUF_BUFG | filterbank/coeffs[2]_1                                                                                                                         | filterbank/coeffs[1][63]_i_1_n_0             |               17 |             64 |         3.76 |
|  clk_output_IBUF_BUFG | filterbank/coeffs[1]_0                                                                                                                         | filterbank/coeffs[1][63]_i_1_n_0             |               12 |             64 |         5.33 |
|  clk_output_IBUF_BUFG | filterbank/coeffs[15]_12                                                                                                                       | filterbank/coeffs[1][63]_i_1_n_0             |               18 |             64 |         3.56 |
|  clk_output_IBUF_BUFG | filterbank/coeffs[12]_6                                                                                                                        | filterbank/coeffs[1][63]_i_1_n_0             |               19 |             64 |         3.37 |
|  clk_output_IBUF_BUFG | fft/fft_block/U0/i_synth/axi_wrapper/data_out_channel/gen_non_real_time.fifo/fifo0/rd_enable                                                   |                                              |                9 |             65 |         7.22 |
|  clk_output_IBUF_BUFG | log_compute/valid_squared                                                                                                                      |                                              |               23 |             68 |         2.96 |
|  clk_output_IBUF_BUFG | filterbank/samples_reg_0_63_0_2_i_1_n_0                                                                                                        |                                              |               19 |             76 |         4.00 |
|  clk_output_IBUF_BUFG | filterbank/samples_reg_192_255_0_2_i_1_n_0                                                                                                     |                                              |               19 |             76 |         4.00 |
|  clk_output_IBUF_BUFG | filterbank/samples_reg_128_191_0_2_i_1_n_0                                                                                                     |                                              |               19 |             76 |         4.00 |
|  clk_output_IBUF_BUFG | filterbank/samples_reg_256_319_0_2_i_1_n_0                                                                                                     |                                              |               19 |             76 |         4.00 |
|  clk_output_IBUF_BUFG | filterbank/samples_reg_64_127_0_2_i_1_n_0                                                                                                      |                                              |               19 |             76 |         4.00 |
|  clk_output_IBUF_BUFG | log_compute/p_0_in                                                                                                                             |                                              |               11 |             88 |         8.00 |
|  clk_output_IBUF_BUFG |                                                                                                                                                | dct/out_value_temp[127]_i_1_n_0              |               28 |            112 |         4.00 |
|  clk_output_IBUF_BUFG | dct/output_buffer[10]_5                                                                                                                        | dct/output_buffer[1][63]_i_1_n_0             |               45 |            128 |         2.84 |
|  clk_output_IBUF_BUFG | dct/output_buffer[15]_6                                                                                                                        | dct/output_buffer[1][63]_i_1_n_0             |               42 |            128 |         3.05 |
|  clk_output_IBUF_BUFG | dct/output_buffer[12]_4                                                                                                                        | dct/output_buffer[1][63]_i_1_n_0             |               41 |            128 |         3.12 |
|  clk_output_IBUF_BUFG | dct/output_buffer[1]_10                                                                                                                        | dct/output_buffer[1][63]_i_1_n_0             |               41 |            128 |         3.12 |
|  clk_output_IBUF_BUFG | dct/output_buffer[7]_7                                                                                                                         | dct/output_buffer[1][63]_i_1_n_0             |               66 |            128 |         1.94 |
|  clk_output_IBUF_BUFG | dct/output_buffer[4]_8                                                                                                                         | dct/output_buffer[1][63]_i_1_n_0             |               49 |            128 |         2.61 |
|  clk_output_IBUF_BUFG | dct/output_buffer[8][63]_i_1_n_0                                                                                                               | dct/output_buffer[1][63]_i_1_n_0             |               50 |            128 |         2.56 |
|  clk_output_IBUF_BUFG | dct/output_buffer[2]_9                                                                                                                         | dct/output_buffer[1][63]_i_1_n_0             |               40 |            128 |         3.20 |
|  clk_output_IBUF_BUFG |                                                                                                                                                |                                              |              157 |            433 |         2.76 |
|  clk_output_IBUF_BUFG | fft/fft_block/U0/i_synth/axi_wrapper/ce_w2c                                                                                                    |                                              |             1175 |           6452 |         5.49 |
+-----------------------+------------------------------------------------------------------------------------------------------------------------------------------------+----------------------------------------------+------------------+----------------+--------------+


