Copyright 1986-2022 Xilinx, Inc. All Rights Reserved. Copyright 2022-2023 Advanced Micro Devices, Inc. All Rights Reserved.
--------------------------------------------------------------------------------------------------------------------------------------------------------------
| Tool Version : Vivado v.2023.1 (win64) Build 3865809 Sun May  7 15:05:29 MDT 2023
| Date         : Tue Aug 12 14:33:10 2025
| Host         : DESKTOP-S7TDGUG running 64-bit major release  (build 9200)
| Command      : report_methodology -file pipeline_methodology_drc_routed.rpt -pb pipeline_methodology_drc_routed.pb -rpx pipeline_methodology_drc_routed.rpx
| Design       : pipeline
| Device       : xc7z012sclg485-2
| Speed File   : -2
| Design State : Fully Routed
--------------------------------------------------------------------------------------------------------------------------------------------------------------

Report Methodology

Table of Contents
-----------------
1. REPORT SUMMARY
2. REPORT DETAILS

1. REPORT SUMMARY
-----------------
            Netlist: netlist
          Floorplan: checkpoint_pipeline
      Design limits: <entire design considered>
             Max violations: <unlimited>
             Violations found: 104
+-----------+------------------+---------------------------------------------------------+------------+
| Rule      | Severity         | Description                                             | Violations |
+-----------+------------------+---------------------------------------------------------+------------+
| TIMING-7  | Critical Warning | No common node between related clocks                   | 2          |
| TIMING-36 | Critical Warning | Invalid Generated Clock due to missing edge propagation | 1          |
| SYNTH-10  | Warning          | Wide multiplier                                         | 36         |
| TIMING-18 | Warning          | Missing input or output delay                           | 65         |
+-----------+------------------+---------------------------------------------------------+------------+

2. REPORT DETAILS
-----------------
TIMING-7#1 Critical Warning
No common node between related clocks  
The clocks clk_output and clk_sampling are related (timed together) but they have no common node. The design could fail in hardware. To find a timing path between these clocks, run the following command: report_timing -from [get_clocks clk_output] -to [get_clocks clk_sampling]
Related violations: <none>

TIMING-7#2 Critical Warning
No common node between related clocks  
The clocks clk_sampling and clk_output are related (timed together) but they have no common node. The design could fail in hardware. To find a timing path between these clocks, run the following command: report_timing -from [get_clocks clk_sampling] -to [get_clocks clk_output]
Related violations: <none>

TIMING-36#1 Critical Warning
Invalid Generated Clock due to missing edge propagation  
There is no rising/falling edge propagation between master clock clk_output to generated clock clk_sampling
Related violations: <none>

SYNTH-10#1 Warning
Wide multiplier  
Detected multiplier at dct/p_0_in of size 18x18, it is decomposed from a wide multipler into 16 DSP blocks.
Related violations: <none>

SYNTH-10#2 Warning
Wide multiplier  
Detected multiplier at dct/p_0_in__0 of size 13x18, it is decomposed from a wide multipler into 16 DSP blocks.
Related violations: <none>

SYNTH-10#3 Warning
Wide multiplier  
Detected multiplier at dct/p_0_in__1 of size 18x18, it is decomposed from a wide multipler into 16 DSP blocks.
Related violations: <none>

SYNTH-10#4 Warning
Wide multiplier  
Detected multiplier at dct/p_0_in__2 of size 18x18, it is decomposed from a wide multipler into 16 DSP blocks.
Related violations: <none>

SYNTH-10#5 Warning
Wide multiplier  
Detected multiplier at dct/p_0_in__3 of size 18x13, it is decomposed from a wide multipler into 16 DSP blocks.
Related violations: <none>

SYNTH-10#6 Warning
Wide multiplier  
Detected multiplier at dct/p_0_in__4 of size 18x18, it is decomposed from a wide multipler into 16 DSP blocks.
Related violations: <none>

SYNTH-10#7 Warning
Wide multiplier  
Detected multiplier at dct/p_0_in__5 of size 18x18, it is decomposed from a wide multipler into 16 DSP blocks.
Related violations: <none>

SYNTH-10#8 Warning
Wide multiplier  
Detected multiplier at dct/p_0_in__6 of size 18x18, it is decomposed from a wide multipler into 16 DSP blocks.
Related violations: <none>

SYNTH-10#9 Warning
Wide multiplier  
Detected multiplier at dct/p_0_in__7 of size 18x18, it is decomposed from a wide multipler into 16 DSP blocks.
Related violations: <none>

SYNTH-10#10 Warning
Wide multiplier  
Detected multiplier at dct/p_0_in__8 of size 18x18, it is decomposed from a wide multipler into 16 DSP blocks.
Related violations: <none>

SYNTH-10#11 Warning
Wide multiplier  
Detected multiplier at filterbank/multOp of size 14x18, it is decomposed from a wide multipler into 8 DSP blocks.
Related violations: <none>

SYNTH-10#12 Warning
Wide multiplier  
Detected multiplier at filterbank/multOp__0 of size 18x15, it is decomposed from a wide multipler into 8 DSP blocks.
Related violations: <none>

SYNTH-10#13 Warning
Wide multiplier  
Detected multiplier at filterbank/multOp__1 of size 18x18, it is decomposed from a wide multipler into 8 DSP blocks.
Related violations: <none>

SYNTH-10#14 Warning
Wide multiplier  
Detected multiplier at filterbank/multOp__10 of size 18x18, it is decomposed from a wide multipler into 8 DSP blocks.
Related violations: <none>

SYNTH-10#15 Warning
Wide multiplier  
Detected multiplier at filterbank/multOp__11 of size 18x15, it is decomposed from a wide multipler into 8 DSP blocks.
Related violations: <none>

SYNTH-10#16 Warning
Wide multiplier  
Detected multiplier at filterbank/multOp__12 of size 18x18, it is decomposed from a wide multipler into 8 DSP blocks.
Related violations: <none>

SYNTH-10#17 Warning
Wide multiplier  
Detected multiplier at filterbank/multOp__2 of size 18x15, it is decomposed from a wide multipler into 8 DSP blocks.
Related violations: <none>

SYNTH-10#18 Warning
Wide multiplier  
Detected multiplier at filterbank/multOp__3 of size 18x18, it is decomposed from a wide multipler into 8 DSP blocks.
Related violations: <none>

SYNTH-10#19 Warning
Wide multiplier  
Detected multiplier at filterbank/multOp__4 of size 18x15, it is decomposed from a wide multipler into 8 DSP blocks.
Related violations: <none>

SYNTH-10#20 Warning
Wide multiplier  
Detected multiplier at filterbank/multOp__5 of size 18x18, it is decomposed from a wide multipler into 8 DSP blocks.
Related violations: <none>

SYNTH-10#21 Warning
Wide multiplier  
Detected multiplier at filterbank/multOp__6 of size 14x18, it is decomposed from a wide multipler into 8 DSP blocks.
Related violations: <none>

SYNTH-10#22 Warning
Wide multiplier  
Detected multiplier at filterbank/multOp__7 of size 18x15, it is decomposed from a wide multipler into 8 DSP blocks.
Related violations: <none>

SYNTH-10#23 Warning
Wide multiplier  
Detected multiplier at filterbank/multOp__8 of size 18x18, it is decomposed from a wide multipler into 8 DSP blocks.
Related violations: <none>

SYNTH-10#24 Warning
Wide multiplier  
Detected multiplier at filterbank/multOp__9 of size 18x15, it is decomposed from a wide multipler into 8 DSP blocks.
Related violations: <none>

SYNTH-10#25 Warning
Wide multiplier  
Detected multiplier at lifter/ARG of size 13x18, it is decomposed from a wide multipler into 4 DSP blocks.
Related violations: <none>

SYNTH-10#26 Warning
Wide multiplier  
Detected multiplier at lifter/ARG__0 of size 13x18, it is decomposed from a wide multipler into 4 DSP blocks.
Related violations: <none>

SYNTH-10#27 Warning
Wide multiplier  
Detected multiplier at lifter/output_value_reg of size 13x13, it is decomposed from a wide multipler into 4 DSP blocks.
Related violations: <none>

SYNTH-10#28 Warning
Wide multiplier  
Detected multiplier at lifter/output_value_reg__0 of size 13x18, it is decomposed from a wide multipler into 4 DSP blocks.
Related violations: <none>

SYNTH-10#29 Warning
Wide multiplier  
Detected multiplier at pow_spectrum/im_squared0 of size 15x18, it is decomposed from a wide multipler into 4 DSP blocks.
Related violations: <none>

SYNTH-10#30 Warning
Wide multiplier  
Detected multiplier at pow_spectrum/im_squared0__0 of size 18x18, it is decomposed from a wide multipler into 4 DSP blocks.
Related violations: <none>

SYNTH-10#31 Warning
Wide multiplier  
Detected multiplier at pow_spectrum/im_squared_reg of size 15x15, it is decomposed from a wide multipler into 4 DSP blocks.
Related violations: <none>

SYNTH-10#32 Warning
Wide multiplier  
Detected multiplier at pow_spectrum/im_squared_reg__0 of size 18x15, it is decomposed from a wide multipler into 4 DSP blocks.
Related violations: <none>

SYNTH-10#33 Warning
Wide multiplier  
Detected multiplier at pow_spectrum/re_squared0 of size 15x18, it is decomposed from a wide multipler into 4 DSP blocks.
Related violations: <none>

SYNTH-10#34 Warning
Wide multiplier  
Detected multiplier at pow_spectrum/re_squared0__0 of size 18x18, it is decomposed from a wide multipler into 4 DSP blocks.
Related violations: <none>

SYNTH-10#35 Warning
Wide multiplier  
Detected multiplier at pow_spectrum/re_squared_reg of size 15x15, it is decomposed from a wide multipler into 4 DSP blocks.
Related violations: <none>

SYNTH-10#36 Warning
Wide multiplier  
Detected multiplier at pow_spectrum/re_squared_reg__0 of size 18x15, it is decomposed from a wide multipler into 4 DSP blocks.
Related violations: <none>

TIMING-18#1 Warning
Missing input or output delay  
An output delay is missing on output_valid relative to the rising and/or falling clock edge(s) of clk_output.
Related violations: <none>

TIMING-18#2 Warning
Missing input or output delay  
An output delay is missing on output_value[0] relative to the rising and/or falling clock edge(s) of clk_output.
Related violations: <none>

TIMING-18#3 Warning
Missing input or output delay  
An output delay is missing on output_value[10] relative to the rising and/or falling clock edge(s) of clk_output.
Related violations: <none>

TIMING-18#4 Warning
Missing input or output delay  
An output delay is missing on output_value[11] relative to the rising and/or falling clock edge(s) of clk_output.
Related violations: <none>

TIMING-18#5 Warning
Missing input or output delay  
An output delay is missing on output_value[12] relative to the rising and/or falling clock edge(s) of clk_output.
Related violations: <none>

TIMING-18#6 Warning
Missing input or output delay  
An output delay is missing on output_value[13] relative to the rising and/or falling clock edge(s) of clk_output.
Related violations: <none>

TIMING-18#7 Warning
Missing input or output delay  
An output delay is missing on output_value[14] relative to the rising and/or falling clock edge(s) of clk_output.
Related violations: <none>

TIMING-18#8 Warning
Missing input or output delay  
An output delay is missing on output_value[15] relative to the rising and/or falling clock edge(s) of clk_output.
Related violations: <none>

TIMING-18#9 Warning
Missing input or output delay  
An output delay is missing on output_value[16] relative to the rising and/or falling clock edge(s) of clk_output.
Related violations: <none>

TIMING-18#10 Warning
Missing input or output delay  
An output delay is missing on output_value[17] relative to the rising and/or falling clock edge(s) of clk_output.
Related violations: <none>

TIMING-18#11 Warning
Missing input or output delay  
An output delay is missing on output_value[18] relative to the rising and/or falling clock edge(s) of clk_output.
Related violations: <none>

TIMING-18#12 Warning
Missing input or output delay  
An output delay is missing on output_value[19] relative to the rising and/or falling clock edge(s) of clk_output.
Related violations: <none>

TIMING-18#13 Warning
Missing input or output delay  
An output delay is missing on output_value[1] relative to the rising and/or falling clock edge(s) of clk_output.
Related violations: <none>

TIMING-18#14 Warning
Missing input or output delay  
An output delay is missing on output_value[20] relative to the rising and/or falling clock edge(s) of clk_output.
Related violations: <none>

TIMING-18#15 Warning
Missing input or output delay  
An output delay is missing on output_value[21] relative to the rising and/or falling clock edge(s) of clk_output.
Related violations: <none>

TIMING-18#16 Warning
Missing input or output delay  
An output delay is missing on output_value[22] relative to the rising and/or falling clock edge(s) of clk_output.
Related violations: <none>

TIMING-18#17 Warning
Missing input or output delay  
An output delay is missing on output_value[23] relative to the rising and/or falling clock edge(s) of clk_output.
Related violations: <none>

TIMING-18#18 Warning
Missing input or output delay  
An output delay is missing on output_value[24] relative to the rising and/or falling clock edge(s) of clk_output.
Related violations: <none>

TIMING-18#19 Warning
Missing input or output delay  
An output delay is missing on output_value[25] relative to the rising and/or falling clock edge(s) of clk_output.
Related violations: <none>

TIMING-18#20 Warning
Missing input or output delay  
An output delay is missing on output_value[26] relative to the rising and/or falling clock edge(s) of clk_output.
Related violations: <none>

TIMING-18#21 Warning
Missing input or output delay  
An output delay is missing on output_value[27] relative to the rising and/or falling clock edge(s) of clk_output.
Related violations: <none>

TIMING-18#22 Warning
Missing input or output delay  
An output delay is missing on output_value[28] relative to the rising and/or falling clock edge(s) of clk_output.
Related violations: <none>

TIMING-18#23 Warning
Missing input or output delay  
An output delay is missing on output_value[29] relative to the rising and/or falling clock edge(s) of clk_output.
Related violations: <none>

TIMING-18#24 Warning
Missing input or output delay  
An output delay is missing on output_value[2] relative to the rising and/or falling clock edge(s) of clk_output.
Related violations: <none>

TIMING-18#25 Warning
Missing input or output delay  
An output delay is missing on output_value[30] relative to the rising and/or falling clock edge(s) of clk_output.
Related violations: <none>

TIMING-18#26 Warning
Missing input or output delay  
An output delay is missing on output_value[31] relative to the rising and/or falling clock edge(s) of clk_output.
Related violations: <none>

TIMING-18#27 Warning
Missing input or output delay  
An output delay is missing on output_value[32] relative to the rising and/or falling clock edge(s) of clk_output.
Related violations: <none>

TIMING-18#28 Warning
Missing input or output delay  
An output delay is missing on output_value[33] relative to the rising and/or falling clock edge(s) of clk_output.
Related violations: <none>

TIMING-18#29 Warning
Missing input or output delay  
An output delay is missing on output_value[34] relative to the rising and/or falling clock edge(s) of clk_output.
Related violations: <none>

TIMING-18#30 Warning
Missing input or output delay  
An output delay is missing on output_value[35] relative to the rising and/or falling clock edge(s) of clk_output.
Related violations: <none>

TIMING-18#31 Warning
Missing input or output delay  
An output delay is missing on output_value[36] relative to the rising and/or falling clock edge(s) of clk_output.
Related violations: <none>

TIMING-18#32 Warning
Missing input or output delay  
An output delay is missing on output_value[37] relative to the rising and/or falling clock edge(s) of clk_output.
Related violations: <none>

TIMING-18#33 Warning
Missing input or output delay  
An output delay is missing on output_value[38] relative to the rising and/or falling clock edge(s) of clk_output.
Related violations: <none>

TIMING-18#34 Warning
Missing input or output delay  
An output delay is missing on output_value[39] relative to the rising and/or falling clock edge(s) of clk_output.
Related violations: <none>

TIMING-18#35 Warning
Missing input or output delay  
An output delay is missing on output_value[3] relative to the rising and/or falling clock edge(s) of clk_output.
Related violations: <none>

TIMING-18#36 Warning
Missing input or output delay  
An output delay is missing on output_value[40] relative to the rising and/or falling clock edge(s) of clk_output.
Related violations: <none>

TIMING-18#37 Warning
Missing input or output delay  
An output delay is missing on output_value[41] relative to the rising and/or falling clock edge(s) of clk_output.
Related violations: <none>

TIMING-18#38 Warning
Missing input or output delay  
An output delay is missing on output_value[42] relative to the rising and/or falling clock edge(s) of clk_output.
Related violations: <none>

TIMING-18#39 Warning
Missing input or output delay  
An output delay is missing on output_value[43] relative to the rising and/or falling clock edge(s) of clk_output.
Related violations: <none>

TIMING-18#40 Warning
Missing input or output delay  
An output delay is missing on output_value[44] relative to the rising and/or falling clock edge(s) of clk_output.
Related violations: <none>

TIMING-18#41 Warning
Missing input or output delay  
An output delay is missing on output_value[45] relative to the rising and/or falling clock edge(s) of clk_output.
Related violations: <none>

TIMING-18#42 Warning
Missing input or output delay  
An output delay is missing on output_value[46] relative to the rising and/or falling clock edge(s) of clk_output.
Related violations: <none>

TIMING-18#43 Warning
Missing input or output delay  
An output delay is missing on output_value[47] relative to the rising and/or falling clock edge(s) of clk_output.
Related violations: <none>

TIMING-18#44 Warning
Missing input or output delay  
An output delay is missing on output_value[48] relative to the rising and/or falling clock edge(s) of clk_output.
Related violations: <none>

TIMING-18#45 Warning
Missing input or output delay  
An output delay is missing on output_value[49] relative to the rising and/or falling clock edge(s) of clk_output.
Related violations: <none>

TIMING-18#46 Warning
Missing input or output delay  
An output delay is missing on output_value[4] relative to the rising and/or falling clock edge(s) of clk_output.
Related violations: <none>

TIMING-18#47 Warning
Missing input or output delay  
An output delay is missing on output_value[50] relative to the rising and/or falling clock edge(s) of clk_output.
Related violations: <none>

TIMING-18#48 Warning
Missing input or output delay  
An output delay is missing on output_value[51] relative to the rising and/or falling clock edge(s) of clk_output.
Related violations: <none>

TIMING-18#49 Warning
Missing input or output delay  
An output delay is missing on output_value[52] relative to the rising and/or falling clock edge(s) of clk_output.
Related violations: <none>

TIMING-18#50 Warning
Missing input or output delay  
An output delay is missing on output_value[53] relative to the rising and/or falling clock edge(s) of clk_output.
Related violations: <none>

TIMING-18#51 Warning
Missing input or output delay  
An output delay is missing on output_value[54] relative to the rising and/or falling clock edge(s) of clk_output.
Related violations: <none>

TIMING-18#52 Warning
Missing input or output delay  
An output delay is missing on output_value[55] relative to the rising and/or falling clock edge(s) of clk_output.
Related violations: <none>

TIMING-18#53 Warning
Missing input or output delay  
An output delay is missing on output_value[56] relative to the rising and/or falling clock edge(s) of clk_output.
Related violations: <none>

TIMING-18#54 Warning
Missing input or output delay  
An output delay is missing on output_value[57] relative to the rising and/or falling clock edge(s) of clk_output.
Related violations: <none>

TIMING-18#55 Warning
Missing input or output delay  
An output delay is missing on output_value[58] relative to the rising and/or falling clock edge(s) of clk_output.
Related violations: <none>

TIMING-18#56 Warning
Missing input or output delay  
An output delay is missing on output_value[59] relative to the rising and/or falling clock edge(s) of clk_output.
Related violations: <none>

TIMING-18#57 Warning
Missing input or output delay  
An output delay is missing on output_value[5] relative to the rising and/or falling clock edge(s) of clk_output.
Related violations: <none>

TIMING-18#58 Warning
Missing input or output delay  
An output delay is missing on output_value[60] relative to the rising and/or falling clock edge(s) of clk_output.
Related violations: <none>

TIMING-18#59 Warning
Missing input or output delay  
An output delay is missing on output_value[61] relative to the rising and/or falling clock edge(s) of clk_output.
Related violations: <none>

TIMING-18#60 Warning
Missing input or output delay  
An output delay is missing on output_value[62] relative to the rising and/or falling clock edge(s) of clk_output.
Related violations: <none>

TIMING-18#61 Warning
Missing input or output delay  
An output delay is missing on output_value[63] relative to the rising and/or falling clock edge(s) of clk_output.
Related violations: <none>

TIMING-18#62 Warning
Missing input or output delay  
An output delay is missing on output_value[6] relative to the rising and/or falling clock edge(s) of clk_output.
Related violations: <none>

TIMING-18#63 Warning
Missing input or output delay  
An output delay is missing on output_value[7] relative to the rising and/or falling clock edge(s) of clk_output.
Related violations: <none>

TIMING-18#64 Warning
Missing input or output delay  
An output delay is missing on output_value[8] relative to the rising and/or falling clock edge(s) of clk_output.
Related violations: <none>

TIMING-18#65 Warning
Missing input or output delay  
An output delay is missing on output_value[9] relative to the rising and/or falling clock edge(s) of clk_output.
Related violations: <none>


