Copyright 1986-2022 Xilinx, Inc. All Rights Reserved. Copyright 2022-2023 Advanced Micro Devices, Inc. All Rights Reserved.
---------------------------------------------------------------------------------------------------------------------------------------------
| Tool Version : Vivado v.2023.1 (win64) Build 3865809 Sun May  7 15:05:29 MDT 2023
| Date         : Sat Aug 16 17:50:44 2025
| Host         : DESKTOP-S7TDGUG running 64-bit major release  (build 9200)
| Command      : report_control_sets -verbose -file pipeline_control_sets_placed.rpt
| Design       : pipeline
| Device       : xa7z010
---------------------------------------------------------------------------------------------------------------------------------------------

Control Set Information

Table of Contents
-----------------
1. Summary
2. Histogram
3. Flip-Flop Distribution
4. Detailed Control Set Information

1. Summary
----------

+----------------------------------------------------------+-------+
|                          Status                          | Count |
+----------------------------------------------------------+-------+
| Total control sets                                       |   104 |
|    Minimum number of control sets                        |   104 |
|    Addition due to synthesis replication                 |     0 |
|    Addition due to physical synthesis replication        |     0 |
| Unused register locations in slices containing registers |   142 |
+----------------------------------------------------------+-------+
* Control sets can be merged at opt_design using control_set_merge or merge_equivalent_drivers
** Run report_qor_suggestions for automated merging and remapping suggestions


2. Histogram
------------

+--------------------+-------+
|       Fanout       | Count |
+--------------------+-------+
| Total control sets |   104 |
| >= 0 to < 4        |     2 |
| >= 4 to < 6        |     2 |
| >= 6 to < 8        |     3 |
| >= 8 to < 10       |     2 |
| >= 10 to < 12      |    11 |
| >= 12 to < 14      |     1 |
| >= 14 to < 16      |     0 |
| >= 16              |    83 |
+--------------------+-------+
* Control sets can be remapped at either synth_design or opt_design


3. Flip-Flop Distribution
-------------------------

+--------------+-----------------------+------------------------+-----------------+--------------+
| Clock Enable | Synchronous Set/Reset | Asynchronous Set/Reset | Total Registers | Total Slices |
+--------------+-----------------------+------------------------+-----------------+--------------+
| No           | No                    | No                     |            1288 |          427 |
| No           | No                    | Yes                    |               0 |            0 |
| No           | Yes                   | No                     |             127 |           82 |
| Yes          | No                    | No                     |            7716 |         1976 |
| Yes          | No                    | Yes                    |               0 |            0 |
| Yes          | Yes                   | No                     |            1783 |          497 |
+--------------+-----------------------+------------------------+-----------------+--------------+


4. Detailed Control Set Information
-----------------------------------

+-----------------------+------------------------------------------------------------------------------------------------------------------------------------------------+----------------------------------------------+------------------+----------------+--------------+
|      Clock Signal     |                                                                  Enable Signal                                                                 |               Set/Reset Signal               | Slice Load Count | Bel Load Count | Bels / Slice |
+-----------------------+------------------------------------------------------------------------------------------------------------------------------------------------+----------------------------------------------+------------------+----------------+--------------+
|  clk_output_IBUF_BUFG | fft/fft_block/U0/i_synth/axi_wrapper/config_channel_fifo/gen_non_real_time.data_in_fifo_pt1/wr_enable                                          |                                              |                1 |              1 |         1.00 |
|  clk_output_IBUF_BUFG | fft/fft_block/U0/i_synth/axi_wrapper/has_scale_pipelining.has_tw_scale_reg.tw_scale_reg_ce_2                                                   |                                              |                3 |              3 |         1.00 |
|  clk_output_IBUF_BUFG | fft/fft_block/U0/i_synth/axi_wrapper/has_scale_pipelining.has_tw_scale_reg.tw_scale_reg_ce_1                                                   |                                              |                2 |              4 |         2.00 |
|  clk_output_IBUF_BUFG | fft/fft_block/U0/i_synth/axi_wrapper/has_scale_pipelining.has_tw_scale_reg.tw_scale_reg_ce_0                                                   |                                              |                2 |              5 |         2.50 |
|  clk_output_IBUF_BUFG | fft/fft_block/U0/i_synth/axi_wrapper/has_scale_pipelining.has_tw_scale_reg.tw_scale_reg_ce                                                     |                                              |                4 |              6 |         1.50 |
|  clk_output_IBUF_BUFG | fft/fft_block/U0/i_synth/axi_wrapper/gen_ce_non_real_time.ce_predicted_reg_rep__0_1[0]                                                         |                                              |                3 |              6 |         2.00 |
|  clk_output_IBUF_BUFG | fft/fft_block/U0/i_synth/axi_wrapper/E[0]                                                                                                      |                                              |                4 |              6 |         1.50 |
|  clk_output_IBUF_BUFG | fft/accepts_samples_reg[0]                                                                                                                     |                                              |                3 |              9 |         3.00 |
|  clk_output_IBUF_BUFG | fft/fft_block/U0/i_synth/axi_wrapper/symbols_out_remaining[8]_i_1_n_0                                                                          |                                              |                3 |              9 |         3.00 |
|  clk_output_IBUF_BUFG | fft/fft_block/U0/i_synth/axi_wrapper/gen_ce_non_real_time.ce_predicted_reg_rep__0_7                                                            |                                              |                4 |             11 |         2.75 |
|  clk_output_IBUF_BUFG | fft/fft_block/U0/i_synth/axi_wrapper/gen_ce_non_real_time.ce_predicted_reg_rep__0_4                                                            |                                              |                5 |             11 |         2.20 |
|  clk_output_IBUF_BUFG | fft/fft_block/U0/i_synth/axi_wrapper/gen_ce_non_real_time.ce_predicted_reg_rep__0_6                                                            |                                              |                4 |             11 |         2.75 |
|  clk_output_IBUF_BUFG | fft/fft_block/U0/i_synth/axi_wrapper/gen_ce_non_real_time.ce_predicted_reg_rep__0_5                                                            |                                              |                4 |             11 |         2.75 |
|  clk_output_IBUF_BUFG | fft/fft_block/U0/i_synth/xfft_inst/non_floating_point.arch_d.xfft_inst/FLOW/proc0_counter/load_cnt_ce                                          |                                              |                4 |             11 |         2.75 |
|  clk_output_IBUF_BUFG | fft/fft_block/U0/i_synth/axi_wrapper/CE                                                                                                        |                                              |                5 |             11 |         2.20 |
|  clk_output_IBUF_BUFG | fft/fft_block/U0/i_synth/axi_wrapper/gen_ce_non_real_time.ce_predicted_reg_rep_1                                                               |                                              |                4 |             11 |         2.75 |
|  clk_output_IBUF_BUFG | fft/fft_block/U0/i_synth/axi_wrapper/gen_ce_non_real_time.ce_predicted_reg_rep__0_2                                                            |                                              |                5 |             11 |         2.20 |
|  clk_output_IBUF_BUFG | fft/fft_block/U0/i_synth/axi_wrapper/gen_ce_non_real_time.ce_predicted_reg_rep__0_8                                                            |                                              |                4 |             11 |         2.75 |
|  clk_output_IBUF_BUFG | fft/fft_block/U0/i_synth/axi_wrapper/gen_ce_non_real_time.ce_predicted_reg_rep_2                                                               |                                              |                4 |             11 |         2.75 |
|  clk_output_IBUF_BUFG | fft/fft_block/U0/i_synth/axi_wrapper/gen_ce_non_real_time.ce_predicted_reg_rep__0_3                                                            |                                              |                4 |             11 |         2.75 |
|  clk_output_IBUF_BUFG |                                                                                                                                                | dct/request_stall_reg_0                      |                4 |             13 |         3.25 |
|  clk_output_IBUF_BUFG | fft/fft_in_data                                                                                                                                |                                              |               11 |             24 |         2.18 |
|  clk_output_IBUF_BUFG |                                                                                                                                                | dct/out_value_temp                           |                7 |             26 |         3.71 |
|  clk_output_IBUF_BUFG | dct/output_cnt                                                                                                                                 | dct/output_pos[0]_i_1_n_0                    |                8 |             31 |         3.88 |
|  clk_output_IBUF_BUFG | filterbank/curr_filter_base[1]_i_1_n_0                                                                                                         | filterbank/read_pos                          |                8 |             31 |         3.88 |
|  clk_output_IBUF_BUFG | frame_module/input_position                                                                                                                    | frame_module/input_position[0]_i_1_n_0       |                8 |             32 |         4.00 |
|  clk_output_IBUF_BUFG |                                                                                                                                                | log_compute/coeff_count[31]_i_1_n_0          |               15 |             32 |         2.13 |
|  clk_output_IBUF_BUFG | pow_spectrum/valid_sum                                                                                                                         | pow_spectrum/point_count                     |                8 |             32 |         4.00 |
|  clk_output_IBUF_BUFG | pow_spectrum/output_valid_reg_0                                                                                                                | log_compute/write_pos                        |                8 |             32 |         4.00 |
|  clk_output_IBUF_BUFG | log_compute/input_valid_dct                                                                                                                    | log_compute/write_pos_0                      |                8 |             32 |         4.00 |
|  clk_output_IBUF_BUFG | dct/read_pos                                                                                                                                   | dct/curr_coeff_cnt                           |                8 |             32 |         4.00 |
|  clk_output_IBUF_BUFG | fft/config_clk_count[0]_i_1_n_0                                                                                                                |                                              |                8 |             32 |         4.00 |
|  clk_output_IBUF_BUFG | fft/fft_in_data                                                                                                                                | fft/curr_fft_cnt[0]_i_1_n_0                  |                8 |             32 |         4.00 |
|  clk_output_IBUF_BUFG | fft/E[0]                                                                                                                                       |                                              |               10 |             32 |         3.20 |
|  clk_output_IBUF_BUFG | fft/E[0]                                                                                                                                       | frame_module/curr_out_cnt                    |                8 |             32 |         4.00 |
|  clk_output_IBUF_BUFG | filterbank/read_pos                                                                                                                            | filterbank/coeffs[1][63]_i_1_n_0             |                8 |             32 |         4.00 |
|  clk_output_IBUF_BUFG | dct/sel                                                                                                                                        | dct/output_valid_reg_0                       |                8 |             32 |         4.00 |
|  clk_output_IBUF_BUFG | frame_module/output_jump_position[31]_i_1_n_0                                                                                                  |                                              |                9 |             32 |         3.56 |
|  clk_output_IBUF_BUFG | frame_module/advance_cnt                                                                                                                       | frame_module/advance_cnt[0]_i_1_n_0          |                8 |             32 |         4.00 |
|  clk_output_IBUF_BUFG | fft/fft_block/U0/i_synth/axi_wrapper/data_in_channel_fifo/gen_non_real_time.data_in_fifo_pt1/gen_non_real_time.gen_has_skid_buffer.data_out_10 |                                              |                9 |             33 |         3.67 |
|  clk_output_IBUF_BUFG | fft/fft_block/U0/i_synth/axi_wrapper/data_in_channel_fifo/gen_non_real_time.data_in_fifo_pt1/gen_non_real_time.gen_has_skid_buffer.data_out_20 |                                              |                7 |             33 |         4.71 |
|  clk_output_IBUF_BUFG | fft/fft_block/U0/i_synth/axi_wrapper/data_in_channel_fifo/gen_non_real_time.data_in_fifo_pt1/wr_enable                                         |                                              |                5 |             33 |         6.60 |
|  clk_output_IBUF_BUFG | dct/out_valid_temp13_in                                                                                                                        | dct/output_pos[0]_i_1_n_0                    |                9 |             33 |         3.67 |
|  clk_output_IBUF_BUFG | dct/read_pos                                                                                                                                   | dct/read_pos_rep[4]_i_1_n_0                  |               10 |             37 |         3.70 |
|  clk_output_IBUF_BUFG | window/curr_wave_position_0                                                                                                                    | window/curr_wave_position_rep_rep[7]_i_1_n_0 |               10 |             40 |         4.00 |
|  clk_output_IBUF_BUFG | dct/p_1_in                                                                                                                                     | dct/read_pos                                 |               10 |             40 |         4.00 |
|  clk_output_IBUF_BUFG | filterbank/read_pos                                                                                                                            | filterbank/read_pos_rep[8]_i_1_n_0           |               11 |             53 |         4.82 |
|  clk_output_IBUF_BUFG | filterbank/coefficients[119]_i_2_n_0                                                                                                           | filterbank/coefficients[119]_i_1_n_0         |               14 |             55 |         3.93 |
|  clk_output_IBUF_BUFG | filterbank/coefficients[119]_i_2_n_0                                                                                                           | filterbank/coefficients[55]_i_1_n_0          |               16 |             55 |         3.44 |
|  clk_output_IBUF_BUFG |                                                                                                                                                | dct/out_value_temp[63]_i_1_n_0               |               56 |             56 |         1.00 |
|  clk_output_IBUF_BUFG | log_compute/coeff_buffer[18][55]_i_1_n_0                                                                                                       |                                              |               18 |             56 |         3.11 |
|  clk_output_IBUF_BUFG | pow_spectrum/valid_sum                                                                                                                         |                                              |               12 |             56 |         4.67 |
|  clk_output_IBUF_BUFG | log_compute/coeff_buffer[3][55]_i_1_n_0                                                                                                        |                                              |               15 |             56 |         3.73 |
|  clk_output_IBUF_BUFG | pow_spectrum/valid_squared__0                                                                                                                  |                                              |               14 |             56 |         4.00 |
|  clk_output_IBUF_BUFG | log_compute/coeff_buffer[6][55]_i_1_n_0                                                                                                        |                                              |               17 |             56 |         3.29 |
|  clk_output_IBUF_BUFG | log_compute/coeff_buffer[0][55]_i_1_n_0                                                                                                        |                                              |               20 |             56 |         2.80 |
|  clk_output_IBUF_BUFG | log_compute/coeff_buffer[10][55]_i_1_n_0                                                                                                       |                                              |               17 |             56 |         3.29 |
|  clk_output_IBUF_BUFG | log_compute/coeff_buffer[11][55]_i_1_n_0                                                                                                       |                                              |               20 |             56 |         2.80 |
|  clk_output_IBUF_BUFG | log_compute/coeff_buffer[14][55]_i_1_n_0                                                                                                       |                                              |               17 |             56 |         3.29 |
|  clk_output_IBUF_BUFG | log_compute/coeff_buffer[12][55]_i_1_n_0                                                                                                       |                                              |               21 |             56 |         2.67 |
|  clk_output_IBUF_BUFG | log_compute/coeff_buffer[15][55]_i_1_n_0                                                                                                       |                                              |               17 |             56 |         3.29 |
|  clk_output_IBUF_BUFG | log_compute/coeff_buffer[16][55]_i_1_n_0                                                                                                       |                                              |               18 |             56 |         3.11 |
|  clk_output_IBUF_BUFG | log_compute/coeff_buffer[4][55]_i_1_n_0                                                                                                        |                                              |               17 |             56 |         3.29 |
|  clk_output_IBUF_BUFG | log_compute/coeff_buffer[9][55]_i_1_n_0                                                                                                        |                                              |               18 |             56 |         3.11 |
|  clk_output_IBUF_BUFG | log_compute/coeff_buffer[2][55]_i_1_n_0                                                                                                        |                                              |               17 |             56 |         3.29 |
|  clk_output_IBUF_BUFG | log_compute/coeff_buffer[7][55]_i_1_n_0                                                                                                        |                                              |               18 |             56 |         3.11 |
|  clk_output_IBUF_BUFG | log_compute/coeff_buffer[1][55]_i_1_n_0                                                                                                        |                                              |               19 |             56 |         2.95 |
|  clk_output_IBUF_BUFG | log_compute/coeff_buffer[13][55]_i_1_n_0                                                                                                       |                                              |               18 |             56 |         3.11 |
|  clk_output_IBUF_BUFG | log_compute/coeff_buffer[5][55]_i_1_n_0                                                                                                        |                                              |               17 |             56 |         3.29 |
|  clk_output_IBUF_BUFG | log_compute/coeff_buffer[8][55]_i_1_n_0                                                                                                        |                                              |               19 |             56 |         2.95 |
|  clk_output_IBUF_BUFG | log_compute/coeff_buffer[17][55]_i_1_n_0                                                                                                       |                                              |               17 |             56 |         3.29 |
|  clk_output_IBUF_BUFG | log_compute/coeff_buffer[19]_0                                                                                                                 |                                              |               10 |             56 |         5.60 |
|  clk_output_IBUF_BUFG | fft/fft_block/U0/i_synth/axi_wrapper/data_out_channel/data_out_fifo_write                                                                      |                                              |                8 |             64 |         8.00 |
|  clk_output_IBUF_BUFG | fft/fft_block/U0/i_synth/axi_wrapper/ce_w2c                                                                                                    | fft/fft_block/U0/i_synth/axi_wrapper/SR[0]   |               22 |             64 |         2.91 |
|  clk_output_IBUF_BUFG | filterbank/coeffs[2]_1                                                                                                                         | filterbank/coeffs[1][63]_i_1_n_0             |               25 |             64 |         2.56 |
|  clk_output_IBUF_BUFG | filterbank/coeffs[4]_2                                                                                                                         | filterbank/coeffs[1][63]_i_1_n_0             |               23 |             64 |         2.78 |
|  clk_output_IBUF_BUFG | filterbank/coeffs[3]_11                                                                                                                        | filterbank/coeffs[1][63]_i_1_n_0             |               12 |             64 |         5.33 |
|  clk_output_IBUF_BUFG | filterbank/coeffs[5]_10                                                                                                                        | filterbank/coeffs[1][63]_i_1_n_0             |               16 |             64 |         4.00 |
|  clk_output_IBUF_BUFG | filterbank/coeffs[6]_3                                                                                                                         | filterbank/coeffs[1][63]_i_1_n_0             |               23 |             64 |         2.78 |
|  clk_output_IBUF_BUFG | filterbank/coeffs[7]_9                                                                                                                         | filterbank/coeffs[1][63]_i_1_n_0             |               20 |             64 |         3.20 |
|  clk_output_IBUF_BUFG | filterbank/coeffs[8]_4                                                                                                                         | filterbank/coeffs[1][63]_i_1_n_0             |               21 |             64 |         3.05 |
|  clk_output_IBUF_BUFG | filterbank/coeffs[9]_15                                                                                                                        | filterbank/coeffs[1][63]_i_1_n_0             |               19 |             64 |         3.37 |
|  clk_output_IBUF_BUFG | filterbank/coeffs[10]_5                                                                                                                        | filterbank/coeffs[1][63]_i_1_n_0             |               24 |             64 |         2.67 |
|  clk_output_IBUF_BUFG | filterbank/coeffs[0][63]_i_1_n_0                                                                                                               | filterbank/coeffs[1][63]_i_1_n_0             |               22 |             64 |         2.91 |
|  clk_output_IBUF_BUFG | filterbank/coeffs[11]_14                                                                                                                       | filterbank/coeffs[1][63]_i_1_n_0             |               10 |             64 |         6.40 |
|  clk_output_IBUF_BUFG | filterbank/coeffs[12]_6                                                                                                                        | filterbank/coeffs[1][63]_i_1_n_0             |               22 |             64 |         2.91 |
|  clk_output_IBUF_BUFG | filterbank/coeffs[13]_13                                                                                                                       | filterbank/coeffs[1][63]_i_1_n_0             |               15 |             64 |         4.27 |
|  clk_output_IBUF_BUFG | filterbank/coeffs[15]_12                                                                                                                       | filterbank/coeffs[1][63]_i_1_n_0             |               12 |             64 |         5.33 |
|  clk_output_IBUF_BUFG | filterbank/coeffs[14]_7                                                                                                                        | filterbank/coeffs[1][63]_i_1_n_0             |               24 |             64 |         2.67 |
|  clk_output_IBUF_BUFG | filterbank/coeffs[1]_0                                                                                                                         | filterbank/coeffs[1][63]_i_1_n_0             |               11 |             64 |         5.82 |
|  clk_output_IBUF_BUFG | fft/fft_block/U0/i_synth/axi_wrapper/data_out_channel/gen_non_real_time.fifo/fifo0/rd_enable                                                   |                                              |                9 |             65 |         7.22 |
|  clk_output_IBUF_BUFG | log_compute/valid_squared                                                                                                                      |                                              |               19 |             68 |         3.58 |
|  clk_output_IBUF_BUFG | filterbank/samples_reg_64_127_0_2_i_1_n_0                                                                                                      |                                              |               19 |             76 |         4.00 |
|  clk_output_IBUF_BUFG | filterbank/samples_reg_256_319_0_2_i_1_n_0                                                                                                     |                                              |               19 |             76 |         4.00 |
|  clk_output_IBUF_BUFG | filterbank/samples_reg_192_255_0_2_i_1_n_0                                                                                                     |                                              |               19 |             76 |         4.00 |
|  clk_output_IBUF_BUFG | filterbank/samples_reg_128_191_0_2_i_1_n_0                                                                                                     |                                              |               19 |             76 |         4.00 |
|  clk_output_IBUF_BUFG | filterbank/samples_reg_0_63_0_2_i_1_n_0                                                                                                        |                                              |               19 |             76 |         4.00 |
|  clk_output_IBUF_BUFG | log_compute/p_0_in0_out                                                                                                                        |                                              |               10 |             80 |         8.00 |
|  clk_output_IBUF_BUFG | fft/fft_block/U0/i_synth/xfft_inst/non_floating_point.arch_d.xfft_inst/has_bit_reverse.dig_rev_mem/dist_ram.lutram.mem/WE2_out                 |                                              |               64 |            256 |         4.00 |
|  clk_output_IBUF_BUFG | fft/fft_block/U0/i_synth/xfft_inst/non_floating_point.arch_d.xfft_inst/has_bit_reverse.dig_rev_mem/dist_ram.lutram.mem/WE1_out                 |                                              |               64 |            256 |         4.00 |
|  clk_output_IBUF_BUFG | fft/fft_block/U0/i_synth/xfft_inst/non_floating_point.arch_d.xfft_inst/has_bit_reverse.dig_rev_mem/dist_ram.lutram.mem/WE0_out                 |                                              |               64 |            256 |         4.00 |
|  clk_output_IBUF_BUFG | fft/fft_block/U0/i_synth/xfft_inst/non_floating_point.arch_d.xfft_inst/has_bit_reverse.dig_rev_mem/dist_ram.lutram.mem/WE                      |                                              |               64 |            256 |         4.00 |
|  clk_output_IBUF_BUFG |                                                                                                                                                |                                              |              427 |           1288 |         3.02 |
|  clk_output_IBUF_BUFG | fft/fft_block/U0/i_synth/axi_wrapper/ce_w2c                                                                                                    |                                              |             1447 |           7582 |         5.24 |
+-----------------------+------------------------------------------------------------------------------------------------------------------------------------------------+----------------------------------------------+------------------+----------------+--------------+


